[    0.000000] Initializing cgroup subsys cpuset
[    0.000000] Initializing cgroup subsys cpu
[    0.000000] Initializing cgroup subsys cpuacct
[    0.000000] Linux version 4.4.0-210-generic (buildd@lgw01-amd64-009) (gcc version 5.4.0 20160609 (Ubuntu 5.4.0-6ubuntu1~16.04.12) ) #242-Ubuntu SMP Fri Apr 16 09:57:56 UTC 2021 (Ubuntu 4.4.0-210.242-generic 4.4.262)
[    0.000000] Command line: BOOT_IMAGE=/boot/vmlinuz-4.4.0-210-generic root=LABEL=cloudimg-rootfs ro console=tty1 console=ttyS0
[    0.000000] KERNEL supported cpus:
[    0.000000]   Intel GenuineIntel
[    0.000000]   AMD AuthenticAMD
[    0.000000]   Centaur CentaurHauls
[    0.000000] x86/fpu: xstate_offset[2]:  576, xstate_sizes[2]:  256
[    0.000000] x86/fpu: Supporting XSAVE feature 0x01: 'x87 floating point registers'
[    0.000000] x86/fpu: Supporting XSAVE feature 0x02: 'SSE registers'
[    0.000000] x86/fpu: Supporting XSAVE feature 0x04: 'AVX registers'
[    0.000000] x86/fpu: Enabled xstate features 0x7, context size is 832 bytes, using 'standard' format.
[    0.000000] e820: BIOS-provided physical RAM map:
[    0.000000] BIOS-e820: [mem 0x0000000000000000-0x000000000009fbff] usable
[    0.000000] BIOS-e820: [mem 0x000000000009fc00-0x000000000009ffff] reserved
[    0.000000] BIOS-e820: [mem 0x00000000000f0000-0x00000000000fffff] reserved
[    0.000000] BIOS-e820: [mem 0x0000000000100000-0x000000001ffeffff] usable
[    0.000000] BIOS-e820: [mem 0x000000001fff0000-0x000000001fffffff] ACPI data
[    0.000000] BIOS-e820: [mem 0x00000000fec00000-0x00000000fec00fff] reserved
[    0.000000] BIOS-e820: [mem 0x00000000fee00000-0x00000000fee00fff] reserved
[    0.000000] BIOS-e820: [mem 0x00000000fffc0000-0x00000000ffffffff] reserved
[    0.000000] NX (Execute Disable) protection: active
[    0.000000] SMBIOS 2.5 present.
[    0.000000] Hypervisor detected: KVM
[    0.000000] e820: last_pfn = 0x1fff0 max_arch_pfn = 0x400000000
[    0.000000] MTRR: Disabled
[    0.000000] x86/PAT: MTRRs disabled, skipping PAT initialization too.
[    0.000000] CPU MTRRs all blank - virtualized system.
[    0.000000] x86/PAT: Configuration [0-7]: WB  WT  UC- UC  WB  WT  UC- UC  
[    0.000000] found SMP MP-table at [mem 0x0009fff0-0x0009ffff] mapped at [ffff88000009fff0]
[    0.000000] Scanning 1 areas for low memory corruption
[    0.000000] RAMDISK: [mem 0x1e8c2000-0x1f74bfff]
[    0.000000] ACPI: Early table checksum verification disabled
[    0.000000] ACPI: RSDP 0x00000000000E0000 000024 (v02 VBOX  )
[    0.000000] ACPI: XSDT 0x000000001FFF0030 00003C (v01 VBOX   VBOXXSDT 00000001 ASL  00000061)
[    0.000000] ACPI: FACP 0x000000001FFF00F0 0000F4 (v04 VBOX   VBOXFACP 00000001 ASL  00000061)
[    0.000000] ACPI: DSDT 0x000000001FFF0610 002353 (v02 VBOX   VBOXBIOS 00000002 INTL 20200925)
[    0.000000] ACPI: FACS 0x000000001FFF0200 000040
[    0.000000] ACPI: FACS 0x000000001FFF0200 000040
[    0.000000] ACPI: APIC 0x000000001FFF0240 000054 (v02 VBOX   VBOXAPIC 00000001 ASL  00000061)
[    0.000000] ACPI: SSDT 0x000000001FFF02A0 00036C (v01 VBOX   VBOXCPUT 00000002 INTL 20200925)
[    0.000000] No NUMA configuration found
[    0.000000] Faking a node at [mem 0x0000000000000000-0x000000001ffeffff]
[    0.000000] NODE_DATA(0) allocated [mem 0x1ffeb000-0x1ffeffff]
[    0.000000] kvm-clock: Using msrs 4b564d01 and 4b564d00
[    0.000000] kvm-clock: cpu 0, msr 0:1ffe3001, primary cpu clock
[    0.000000] kvm-clock: using sched offset of 3630056543 cycles
[    0.000000] clocksource: kvm-clock: mask: 0xffffffffffffffff max_cycles: 0x1cd42e4dffb, max_idle_ns: 881590591483 ns
[    0.000000] Zone ranges:
[    0.000000]   DMA      [mem 0x0000000000001000-0x0000000000ffffff]
[    0.000000]   DMA32    [mem 0x0000000001000000-0x000000001ffeffff]
[    0.000000]   Normal   empty
[    0.000000]   Device   empty
[    0.000000] Movable zone start for each node
[    0.000000] Early memory node ranges
[    0.000000]   node   0: [mem 0x0000000000001000-0x000000000009efff]
[    0.000000]   node   0: [mem 0x0000000000100000-0x000000001ffeffff]
[    0.000000] Initmem setup node 0 [mem 0x0000000000001000-0x000000001ffeffff]
[    0.000000] ACPI: PM-Timer IO Port: 0x4008
[    0.000000] IOAPIC[0]: apic_id 1, version 32, address 0xfec00000, GSI 0-23
[    0.000000] ACPI: INT_SRC_OVR (bus 0 bus_irq 0 global_irq 2 dfl dfl)
[    0.000000] ACPI: INT_SRC_OVR (bus 0 bus_irq 9 global_irq 9 low level)
[    0.000000] Using ACPI (MADT) for SMP configuration information
[    0.000000] smpboot: Allowing 1 CPUs, 0 hotplug CPUs
[    0.000000] PM: Registered nosave memory: [mem 0x00000000-0x00000fff]
[    0.000000] PM: Registered nosave memory: [mem 0x0009f000-0x0009ffff]
[    0.000000] PM: Registered nosave memory: [mem 0x000a0000-0x000effff]
[    0.000000] PM: Registered nosave memory: [mem 0x000f0000-0x000fffff]
[    0.000000] e820: [mem 0x20000000-0xfebfffff] available for PCI devices
[    0.000000] Booting paravirtualized kernel on KVM
[    0.000000] clocksource: refined-jiffies: mask: 0xffffffff max_cycles: 0xffffffff, max_idle_ns: 7645519600211568 ns
[    0.000000] setup_percpu: NR_CPUS:512 nr_cpumask_bits:512 nr_cpu_ids:1 nr_node_ids:1
[    0.000000] PERCPU: Embedded 33 pages/cpu @ffff88001fc00000 s95192 r8192 d31784 u2097152
[    0.000000] Built 1 zonelists in Node order, mobility grouping on.  Total pages: 128888
[    0.000000] Policy zone: DMA32
[    0.000000] Kernel command line: BOOT_IMAGE=/boot/vmlinuz-4.4.0-210-generic root=LABEL=cloudimg-rootfs ro console=tty1 console=ttyS0
[    0.000000] PID hash table entries: 2048 (order: 2, 16384 bytes)
[    0.000000] Memory: 481844K/523832K available (8644K kernel code, 1332K rwdata, 4044K rodata, 1492K init, 1164K bss, 41988K reserved, 0K cma-reserved)
[    0.000000] SLUB: HWalign=64, Order=0-3, MinObjects=0, CPUs=1, Nodes=1
[    0.000000] Kernel/User page tables isolation: enabled
[    0.000000] Hierarchical RCU implementation.
[    0.000000] 	Build-time adjustment of leaf fanout to 64.
[    0.000000] 	RCU restricting CPUs from NR_CPUS=512 to nr_cpu_ids=1.
[    0.000000] RCU: Adjusting geometry for rcu_fanout_leaf=64, nr_cpu_ids=1
[    0.000000] NR_IRQS:33024 nr_irqs:256 16
[    0.000000] Console: colour VGA+ 80x25
[    0.000000] console [tty1] enabled
[    0.000000] console [ttyS0] enabled
[    0.000000] tsc: Detected 2793.530 MHz processor
[    0.126512] Calibrating delay loop (skipped) preset value.. 5587.06 BogoMIPS (lpj=11174120)
[    0.128328] pid_max: default: 32768 minimum: 301
[    0.129305] ACPI: Core revision 20150930
[    0.131170] ACPI: 2 ACPI AML tables successfully acquired and loaded
[    0.132493] Security Framework initialized
[    0.133294] Yama: becoming mindful.
[    0.134093] AppArmor: AppArmor initialized
[    0.134986] Dentry cache hash table entries: 65536 (order: 7, 524288 bytes)
[    0.136310] Inode-cache hash table entries: 32768 (order: 6, 262144 bytes)
[    0.137534] Mount-cache hash table entries: 1024 (order: 1, 8192 bytes)
[    0.138705] Mountpoint-cache hash table entries: 1024 (order: 1, 8192 bytes)
[    0.140102] Initializing cgroup subsys io
[    0.140966] Initializing cgroup subsys memory
[    0.141824] Initializing cgroup subsys devices
[    0.142681] Initializing cgroup subsys freezer
[    0.143563] Initializing cgroup subsys net_cls
[    0.144407] Initializing cgroup subsys perf_event
[    0.145298] Initializing cgroup subsys net_prio
[    0.146202] Initializing cgroup subsys hugetlb
[    0.147068] Initializing cgroup subsys pids
[    0.148701] mce: CPU supports 0 MCE banks
[    0.149521] process: using mwait in idle threads
[    0.150457] Last level iTLB entries: 4KB 1024, 2MB 1024, 4MB 1024
[    0.151549] Last level dTLB entries: 4KB 1024, 2MB 1024, 4MB 1024, 1GB 4
[    0.152725] Spectre V1 : Mitigation: usercopy/swapgs barriers and __user pointer sanitization
[    0.154342] Spectre V2 : Mitigation: Full generic retpoline
[    0.155351] Spectre V2 : Spectre v2 / SpectreRSB mitigation: Filling RSB on context switch
[    0.156933] Speculative Store Bypass: Vulnerable
[    0.158020] MDS: Mitigation: Clear CPU buffers
[    0.177197] Freeing SMP alternatives memory: 36K
[    0.183418] ftrace: allocating 32380 entries in 127 pages
[    0.238094] smpboot: APIC(0) Converting physical 0 to logical package 0
[    0.239399] smpboot: Max logical packages: 1
[    0.240514] x2apic enabled
[    0.241397] Switched APIC routing to physical x2apic.
[    0.243430] ..TIMER: vector=0x30 apic1=0 pin1=2 apic2=-1 pin2=-1
[    0.352697] smpboot: CPU0: Intel(R) Xeon(R) CPU E5-1603 v3 @ 2.80GHz (family: 0x6, model: 0x3f, stepping: 0x2)
[    0.354857] Performance Events: unsupported p6 CPU model 63 no PMU driver, software events only.
[    0.364840] KVM setup paravirtual spinlock
[    0.366361] x86: Booted up 1 node, 1 CPUs
[    0.367253] smpboot: Total of 1 processors activated (5587.06 BogoMIPS)
[    0.368821] devtmpfs: initialized
[    0.370833] evm: security.selinux
[    0.371624] evm: security.SMACK64
[    0.372428] evm: security.SMACK64EXEC
[    0.373279] evm: security.SMACK64TRANSMUTE
[    0.374193] evm: security.SMACK64MMAP
[    0.375058] evm: security.ima
[    0.375828] evm: security.capability
[    0.376753] clocksource: jiffies: mask: 0xffffffff max_cycles: 0xffffffff, max_idle_ns: 7645041785100000 ns
[    0.378690] futex hash table entries: 256 (order: 2, 16384 bytes)
[    0.380003] pinctrl core: initialized pinctrl subsystem
[    0.381154] RTC time: 16:54:44, date: 11/14/23
[    0.382166] NET: Registered protocol family 16
[    0.383275] cpuidle: using governor ladder
[    0.384177] cpuidle: using governor menu
[    0.384977] PCCT header not found.
[    0.385777] ACPI: bus type PCI registered
[    0.386599] acpiphp: ACPI Hot Plug PCI Controller Driver version: 0.5
[    0.387856] PCI: Using configuration type 1 for base access
[    0.390175] ACPI: Added _OSI(Module Device)
[    0.391123] ACPI: Added _OSI(Processor Device)
[    0.392008] ACPI: Added _OSI(3.0 _SCP Extensions)
[    0.392903] ACPI: Added _OSI(Processor Aggregator Device)
[    0.394426] ACPI: Executed 1 blocks of module-level executable AML code
[    0.397555] ACPI: Interpreter enabled
[    0.398385] ACPI: (supports S0 S5)
[    0.399129] ACPI: Using IOAPIC for interrupt routing
[    0.400196] PCI: Using host bridge windows from ACPI; if necessary, use "pci=nocrs" and report a bug
[    0.405103] ACPI: PCI Root Bridge [PCI0] (domain 0000 [bus 00-ff])
[    0.406372] acpi PNP0A03:00: _OSC: OS supports [ASPM ClockPM Segments MSI]
[    0.407863] acpi PNP0A03:00: _OSC: not requesting OS control; OS requires [ExtendedConfig ASPM ClockPM MSI]
[    0.409801] acpi PNP0A03:00: fail to add MMCONFIG information, can't access extended PCI configuration space under this bridge.
[    0.412279] PCI host bridge to bus 0000:00
[    0.413134] pci_bus 0000:00: root bus resource [io  0x0000-0x0cf7 window]
[    0.414363] pci_bus 0000:00: root bus resource [io  0x0d00-0xffff window]
[    0.415573] pci_bus 0000:00: root bus resource [mem 0x000a0000-0x000bffff window]
[    0.417040] pci_bus 0000:00: root bus resource [mem 0x20000000-0xfdffffff window]
[    0.418621] pci_bus 0000:00: root bus resource [bus 00-ff]
[    0.421142] pci 0000:00:01.1: legacy IDE quirk: reg 0x10: [io  0x01f0-0x01f7]
[    0.422465] pci 0000:00:01.1: legacy IDE quirk: reg 0x14: [io  0x03f6]
[    0.423643] pci 0000:00:01.1: legacy IDE quirk: reg 0x18: [io  0x0170-0x0177]
[    0.424885] pci 0000:00:01.1: legacy IDE quirk: reg 0x1c: [io  0x0376]
[    0.433717] pci 0000:00:07.0: quirk: [io  0x4000-0x403f] claimed by PIIX4 ACPI
[    0.444257] pci 0000:00:07.0: quirk: [io  0x4100-0x410f] claimed by PIIX4 SMB
[    0.450398] ACPI: PCI Interrupt Link [LNKA] (IRQs 5 9 10 *11)
[    0.452032] ACPI: PCI Interrupt Link [LNKB] (IRQs 5 9 *10 11)
[    0.453542] ACPI: PCI Interrupt Link [LNKC] (IRQs 5 *9 10 11)
[    0.454967] ACPI: PCI Interrupt Link [LNKD] (IRQs 5 9 10 *11)
[    0.456428] ACPI: Enabled 2 GPEs in block 00 to 07
[    0.457595] vgaarb: setting as boot device: PCI:0000:00:02.0
[    0.458683] vgaarb: device added: PCI:0000:00:02.0,decodes=io+mem,owns=io+mem,locks=none
[    0.460354] vgaarb: loaded
[    0.461002] vgaarb: bridge control possible 0000:00:02.0
[    0.462231] SCSI subsystem initialized
[    0.463058] ACPI: bus type USB registered
[    0.463972] usbcore: registered new interface driver usbfs
[    0.465080] usbcore: registered new interface driver hub
[    0.466168] usbcore: registered new device driver usb
[    0.467341] PCI: Using ACPI for IRQ routing
[    0.468495] NetLabel: Initializing
[    0.469262] NetLabel:  domain hash size = 128
[    0.470133] NetLabel:  protocols = UNLABELED CIPSOv4
[    0.471080] NetLabel:  unlabeled traffic allowed by default
[    0.472189] amd_nb: Cannot enumerate AMD northbridges
[    0.473185] clocksource: Switched to clocksource kvm-clock
[    0.478673] AppArmor: AppArmor Filesystem Enabled
[    0.479766] pnp: PnP ACPI init
[    0.481266] pnp: PnP ACPI: found 3 devices
[    0.487695] clocksource: acpi_pm: mask: 0xffffff max_cycles: 0xffffff, max_idle_ns: 2085701024 ns
[    0.489504] NET: Registered protocol family 2
[    0.490542] TCP established hash table entries: 4096 (order: 3, 32768 bytes)
[    0.491876] TCP bind hash table entries: 4096 (order: 4, 65536 bytes)
[    0.493112] TCP: Hash tables configured (established 4096 bind 4096)
[    0.494392] UDP hash table entries: 256 (order: 1, 8192 bytes)
[    0.495537] UDP-Lite hash table entries: 256 (order: 1, 8192 bytes)
[    0.496792] NET: Registered protocol family 1
[    0.497828] pci 0000:00:00.0: Limiting direct PCI/PCI transfers
[    0.499019] pci 0000:00:01.0: Activating ISA DMA hang workarounds
[    0.500312] Unpacking initramfs...
[    0.698816] Freeing initrd memory: 14888K
[    0.699911] RAPL PMU detected, API unit is 2^-32 Joules, 3 fixed counters 10737418240 ms ovfl timer
[    0.701775] hw unit of domain pp0-core 2^-0 Joules
[    0.702786] hw unit of domain package 2^-0 Joules
[    0.703794] hw unit of domain dram 2^-16 Joules
[    0.704767] clocksource: tsc: mask: 0xffffffffffffffff max_cycles: 0x284460f1a18, max_idle_ns: 440795261562 ns
[    0.706813] platform rtc_cmos: registered platform RTC device (no PNP device found)
[    0.708482] Scanning for low memory corruption every 60 seconds
[    0.709944] audit: initializing netlink subsys (disabled)
[    0.711079] audit: type=2000 audit(1699980889.424:1): initialized
[    0.712554] Initialise system trusted keyring
[    0.713587] HugeTLB registered 2 MB page size, pre-allocated 0 pages
[    0.716011] zbud: loaded
[    0.716963] VFS: Disk quotas dquot_6.6.0
[    0.717902] VFS: Dquot-cache hash table entries: 512 (order 0, 4096 bytes)
[    0.719464] squashfs: version 4.0 (2009/01/31) Phillip Lougher
[    0.720837] fuse init (API version 7.23)
[    0.721873] Key type big_key registered
[    0.722785] Allocating IMA MOK and blacklist keyrings.
[    0.724053] Key type asymmetric registered
[    0.724960] Asymmetric key parser 'x509' registered
[    0.726078] Block layer SCSI generic (bsg) driver version 0.4 loaded (major 249)
[    0.727705] io scheduler noop registered
[    0.728608] io scheduler deadline registered (default)
[    0.729730] io scheduler cfq registered
[    0.730690] pci_hotplug: PCI Hot Plug PCI Core version: 0.5
[    0.731849] pciehp: PCI Express Hot Plug Controller Driver version: 0.4
[    0.733265] ACPI: AC Adapter [AC] (on-line)
[    0.734253] input: Power Button as /devices/LNXSYSTM:00/LNXPWRBN:00/input/input0
[    0.735846] ACPI: Power Button [PWRF]
[    0.736769] input: Sleep Button as /devices/LNXSYSTM:00/LNXSLPBN:00/input/input1
[    0.738368] ACPI: Sleep Button [SLPF]
[    0.739291] GHES: HEST is not enabled!
[    0.740185] Serial: 8250/16550 driver, 32 ports, IRQ sharing enabled
[    0.763017] 00:02: ttyS0 at I/O 0x3f8 (irq = 4, base_baud = 115200) is a 16550A
[    0.765567] Linux agpgart interface v0.103
[    0.767551] loop: module loaded
[    0.768722] scsi host0: ata_piix
[    0.769601] scsi host1: ata_piix
[    0.770351] ata1: PATA max UDMA/33 cmd 0x1f0 ctl 0x3f6 bmdma 0xd000 irq 14
[    0.771573] ata2: PATA max UDMA/33 cmd 0x170 ctl 0x376 bmdma 0xd008 irq 15
[    0.773050] libphy: Fixed MDIO Bus: probed
[    0.774011] tun: Universal TUN/TAP device driver, 1.6
[    0.774957] tun: (C) 1999-2004 Max Krasnyansky <maxk@qualcomm.com>
[    0.776306] PPP generic driver version 2.4.2
[    0.777292] ehci_hcd: USB 2.0 'Enhanced' Host Controller (EHCI) Driver
[    0.778521] ehci-pci: EHCI PCI platform driver
[    0.779405] ehci-platform: EHCI generic platform driver
[    0.780397] ohci_hcd: USB 1.1 'Open' Host Controller (OHCI) Driver
[    0.781545] ohci-pci: OHCI PCI platform driver
[    0.782459] ohci-platform: OHCI generic platform driver
[    0.783475] uhci_hcd: USB Universal Host Controller Interface driver
[    0.784649] i8042: PNP: PS/2 Controller [PNP0303:PS2K,PNP0f03:PS2M] at 0x60,0x64 irq 1,12
[    0.786715] serio: i8042 KBD port at 0x60,0x64 irq 1
[    0.787657] serio: i8042 AUX port at 0x60,0x64 irq 12
[    0.788694] mousedev: PS/2 mouse device common for all mice
[    0.789984] input: AT Translated Set 2 keyboard as /devices/platform/i8042/serio0/input/input2
[    0.792032] rtc_cmos rtc_cmos: rtc core: registered rtc_cmos as rtc0
[    0.793357] rtc_cmos rtc_cmos: alarms up to one day, 114 bytes nvram
[    0.794538] i2c /dev entries driver
[    0.795324] device-mapper: uevent: version 1.0.3
[    0.796287] device-mapper: ioctl: 4.34.0-ioctl (2015-10-28) initialised: dm-devel@redhat.com
[    0.797994] ledtrig-cpu: registered to indicate activity on CPUs
[    0.799409] NET: Registered protocol family 10
[    0.800517] NET: Registered protocol family 17
[    0.801479] Key type dns_resolver registered
[    0.802556] registered taskstats version 1
[    0.803445] Loading compiled-in X.509 certificates
[    0.805095] Loaded X.509 cert 'Build time autogenerated kernel key: cf00e047681d67edb2720680708b7d9498083038'
[    0.807141] zswap: loaded using pool lzo/zbud
[    0.809440] Key type trusted registered
[    0.812646] Key type encrypted registered
[    0.813525] AppArmor: AppArmor sha1 policy hashing enabled
[    0.814613] ima: No TPM chip found, activating TPM-bypass!
[    0.815747] ima: Allocated hash algorithm: sha1
[    0.816705] evm: HMAC attrs: 0x1
[    0.817726]   Magic number: 15:670:944
[    0.818610] tty tty1: hash matches
[    0.819457] rtc_cmos rtc_cmos: setting system clock to 2023-11-14 16:54:44 UTC (1699980884)
[    0.821214] BIOS EDD facility v0.16 2004-Jun-25, 0 devices found
[    0.822386] EDD information not available.
[    0.949921] Freeing unused kernel memory: 1492K
[    0.950868] Write protecting the kernel read-only data: 14336k
[    0.952132] Freeing unused kernel memory: 1584K
[    0.953112] Freeing unused kernel memory: 52K
Loading, please wait...
starting version 229
[    0.965957] random: udevadm: uninitialized urandom read (16 bytes read, 2 bits of entropy available)
[    0.968504] random: systemd-udevd: uninitialized urandom read (16 bytes read, 2 bits of entropy available)
[    0.970784] random: systemd-udevd: uninitialized urandom read (16 bytes read, 2 bits of entropy available)
[    0.972903] random: systemd-udevd: uninitialized urandom read (16 bytes read, 2 bits of entropy available)
[    0.975014] random: udevadm: uninitialized urandom read (16 bytes read, 2 bits of entropy available)
[    0.984790] random: systemd-udevd: uninitialized urandom read (16 bytes read, 2 bits of entropy available)
[    0.987546] random: systemd-udevd: uninitialized urandom read (16 bytes read, 2 bits of entropy available)
[    0.990483] random: udevadm: uninitialized urandom read (16 bytes read, 2 bits of entropy available)
[    0.992276] random: udevadm: uninitialized urandom read (16 bytes read, 2 bits of entropy available)
[    0.994066] random: systemd-udevd: uninitialized urandom read (16 bytes read, 2 bits of entropy available)
[    1.060625] e1000: Intel(R) PRO/1000 Network Driver - version 7.3.21-k8-NAPI
[    1.062090] e1000: Copyright (c) 1999-2006 Intel Corporation.
[    1.067776] Fusion MPT base driver 3.04.20
[    1.068718] Copyright (c) 1999-2008 LSI Corporation
[    1.089790] Fusion MPT SPI Host driver 3.04.20
[    1.111274] AVX2 version of gcm_enc/dec engaged.
[    1.112345] AES CTR mode by8 optimization enabled
[    1.281865] input: ImExPS/2 Generic Explorer Mouse as /devices/platform/i8042/serio1/input/input4
[    1.449113] e1000 0000:00:03.0 eth0: (PCI:33MHz:32-bit) 02:be:82:6b:cc:1d
[    1.450557] e1000 0000:00:03.0 eth0: Intel(R) PRO/1000 Network Connection
[    1.452333] mptbase: ioc0: Initiating bringup
[    1.521776] ioc0: LSI53C1030 A0: Capabilities={Initiator}
[    1.683153] scsi host2: ioc0: LSI53C1030 A0, FwRev=00000000h, Ports=1, MaxQ=256, IRQ=20
[    1.804217] scsi 2:0:0:0: Direct-Access     VBOX     HARDDISK         1.0  PQ: 0 ANSI: 5
[    1.807862] scsi target2:0:0: Beginning Domain Validation
[    1.811542] scsi target2:0:0: Domain Validation skipping write tests
[    1.814024] scsi target2:0:0: Ending Domain Validation
[    1.816193] scsi target2:0:0: asynchronous
[    1.818743] scsi 2:0:1:0: Direct-Access     VBOX     HARDDISK         1.0  PQ: 0 ANSI: 5
[    1.822041] scsi target2:0:1: Beginning Domain Validation
[    1.909743] scsi target2:0:1: Domain Validation skipping write tests
[    1.912078] scsi target2:0:1: Ending Domain Validation
[    1.914155] scsi target2:0:1: asynchronous
[    2.032962] sd 2:0:0:0: Attached scsi generic sg0 type 0
[    2.034043] sd 2:0:0:0: [sda] 83886080 512-byte logical blocks: (42.9 GB/40.0 GiB)
[    2.035620] sd 2:0:1:0: [sdb] 20480 512-byte logical blocks: (10.5 MB/10.0 MiB)
[    2.037016] sd 2:0:1:0: Attached scsi generic sg1 type 0
[    2.038056] sd 2:0:0:0: [sda] Write Protect is off
[    2.038926] sd 2:0:1:0: [sdb] Write Protect is off
[    2.040452] sd 2:0:0:0: [sda] Incomplete mode parameter data
[    2.041497] sd 2:0:0:0: [sda] Assuming drive cache: write through
[    2.042535] sd 2:0:1:0: [sdb] Incomplete mode parameter data
[    2.043490] sd 2:0:1:0: [sdb] Assuming drive cache: write through
[    2.069803]  sda: sda1
[    2.070944] sd 2:0:0:0: [sda] Attached SCSI disk
[    2.125030] sd 2:0:1:0: [sdb] Attached SCSI disk
[    2.203340] e1000 0000:00:08.0 eth1: (PCI:33MHz:32-bit) 08:00:27:e3:be:bc
[    2.204961] e1000 0000:00:08.0 eth1: Intel(R) PRO/1000 Network Connection
[    2.207527] e1000 0000:00:08.0 enp0s8: renamed from eth1
[    2.210785] e1000 0000:00:03.0 enp0s3: renamed from eth0
Begin: Loading essential drivers ... [    3.562526] md: linear personality registered for level -1
[    3.566561] md: multipath personality registered for level -4
[    3.570575] md: raid0 personality registered for level 0
[    3.575311] md: raid1 personality registered for level 1
[    3.654770] raid6: sse2x1   gen()  8666 MB/s
[    3.748060] raid6: sse2x1   xor()  8241 MB/s
[    3.828322] raid6: sse2x2   gen() 11208 MB/s
[    3.907531] raid6: sse2x2   xor()  7354 MB/s
[    3.987632] raid6: sse2x4   gen() 15931 MB/s
[    4.069145] raid6: sse2x4   xor() 10043 MB/s
[    4.164014] raid6: avx2x1   gen() 20962 MB/s
[    4.243168] raid6: avx2x2   gen() 19544 MB/s
[    4.322253] raid6: avx2x4   gen() 22630 MB/s
[    4.323198] raid6: using algorithm avx2x4 gen() 22630 MB/s
[    4.324267] raid6: using avx2x2 recovery algorithm
[    4.327391] xor: automatically using best checksumming function:
[    4.461144]    avx       : 89795.000 MB/sec
[    4.463921] async_tx: api initialized (async)
[    4.477700] md: raid6 personality registered for level 6
[    4.478821] md: raid5 personality registered for level 5
[    4.479842] md: raid4 personality registered for level 4
[    4.486644] md: raid10 personality registered for level 10
done.
Begin: Running /scripts/init-premount ... done.
Begin: Mounting root file system ... Begin: Running /scripts/local-top ... done.
Begin: Running /scripts/local-premount ... [    4.520594] Btrfs loaded
Scanning for Btrfs filesystems
done.
Warning: fsck not present, so skipping root file system
[    4.649097] EXT4-fs (sda1): mounted filesystem with ordered data mode. Opts: (null)
done.
Begin: Running /scripts/local-bottom ... done.
Begin: Running /scripts/init-bottom ... done.
[    5.609283] systemd[1]: systemd 229 running in system mode. (+PAM +AUDIT +SELINUX +IMA +APPARMOR +SMACK +SYSVINIT +UTMP +LIBCRYPTSETUP +GCRYPT +GNUTLS +ACL +XZ -LZ4 +SECCOMP +BLKID +ELFUTILS +KMOD -IDN)
[    5.616381] systemd[1]: Detected virtualization oracle.
[    5.618775] systemd[1]: Detected architecture x86-64.
[    5.642105] random: nonblocking pool is initialized

Welcome to [1mUbuntu 16.04.7 LTS[0m!

[    5.668306] systemd[1]: Set hostname to <devops-2>.
[    6.975398] systemd[1]: Created slice User and Session Slice.
[[0;32m  OK  [0m] Created slice User and Session Slice.
[    6.979779] systemd[1]: Started Trigger resolvconf update for networkd DNS.
[[0;32m  OK  [0m] Started Trigger resolvconf update for networkd DNS.
[    6.984307] systemd[1]: Listening on fsck to fsckd communication Socket.
[[0;32m  OK  [0m] Listening on fsck to fsckd communication Socket.
[    6.988945] systemd[1]: Listening on Syslog Socket.
[[0;32m  OK  [0m] Listening on Syslog Socket.
[    6.992733] systemd[1]: Listening on Journal Socket (/dev/log).
[[0;32m  OK  [0m] Listening on Journal Socket (/dev/log).
[    6.996986] systemd[1]: Listening on udev Control Socket.
[[0;32m  OK  [0m] Listening on udev Control Socket.
[    7.001012] systemd[1]: Listening on LVM2 poll daemon socket.
[[0;32m  OK  [0m] Listening on LVM2 poll daemon socket.
[    7.005662] systemd[1]: Created slice System Slice.
[[0;32m  OK  [0m] Created slice System Slice.
[    7.009102] systemd[1]: Reached target Slices.
[[0;32m  OK  [0m] Reached target Slices.
[    7.012473] systemd[1]: Listening on Journal Socket.
[[0;32m  OK  [0m] Listening on Journal Socket.
[    7.017168] systemd[1]: Starting Uncomplicated firewall...
         Starting Uncomplicated firewall...
[    7.023157] systemd[1]: Starting Nameserver information manager...
         Starting Nameserver information manager...
[    7.055783] systemd[1]: Starting Load Kernel Modules...
         Starting Load Kernel Modules...
[    7.060380] systemd[1]: Started Forward Password Requests to Wall Directory Watch.
[[0;32m  OK  [0m] Started Forward Password Requests to Wall Directory Watch.
[    7.067291] systemd[1]: Set up automount Arbitrary Executable File Formats File System Automount Point.
[[0;32m  OK  [0m] Set up automount Arbitrary Executab...ats File System Automount Point.
[    7.075054] systemd[1]: Reached target Swap.
[[0;32m  OK  [0m] Reached target Swap.
[    7.078908] systemd[1]: Created slice system-serial\x2dgetty.slice.
[[0;32m  OK  [0m] Created slice system-serial\x2dgetty.slice.
[    7.084319] systemd[1]: Starting File System Check on Root Device...
         Starting File System Check on Root Device...
[    7.090526] systemd[1]: Starting Create list of required static device nodes for the current kernel...
         Starting Create list of required st... nodes for the current kernel...
[    7.098758] systemd[1]: Listening on Device-mapper event daemon FIFOs.
[[0;32m  OK  [0m] Listening on Device-mapper event daemon FIFOs.
[    7.106718] systemd[1]: Starting Set console keymap...
         Starting Set console keymap...
[    7.136590] systemd[1]: Mounting Huge Pages File System...
         Mounting Huge Pages File System...
[    7.141581] systemd[1]: Listening on udev Kernel Socket.
[[0;32m  OK  [0m] Listening on udev Kernel Socket.
[    7.149658] systemd[1]: Listening on LVM2 metadata daemon socket.
[[0;32m  OK  [0m] Listening on LVM2 metadata daemon socket.
[    7.155833] systemd[1]: Mounting POSIX Message Queue File System...
         Mounting POSIX Message Queue File System...
[    7.163473] systemd[1]: Mounting Debug File System...
         Mounting Debug File System...
[    7.171325] systemd[1]: Listening on Journal Audit Socket.
[[0;32m  OK  [0m] Listening on Journal Audit Socket.
[    7.177995] systemd[1]: Starting Journal Service...
         Starting Journal Service...
[    7.182450] systemd[1]: Reached target System Time Synchronized.
[[0;32m  OK  [0m] Reached target System Time Synchronized.
[    7.187775] systemd[1]: Listening on /dev/initctl Compatibility Named Pipe.
[[0;32m  OK  [0m] Listening on /dev/initctl Compatibility Named Pipe.
[    7.201643] systemd[1]: Reached target Encrypted Volumes.
[[0;32m  OK  [0m] Reached target Encrypted Volumes.
[    7.205543] systemd[1]: Reached target User and Group Name Lookups.
[[0;32m  OK  [0m] Reached target User and Group Name Lookups.
[    7.211322] systemd[1]: Starting Monitoring of LVM2 mirrors, snapshots etc. using dmeventd or progress polling...
         Starting Monitoring of LVM2 mirrors... dmeventd or progress polling...
[    7.222701] systemd[1]: Started Uncomplicated firewall.
[[0;32m  OK  [0m] Started Uncomplicated firewall.
[    7.229619] systemd[1]: Started Create list of required static device nodes for the current kernel.
[[0;32m  OK  [0m] Started Create list of required sta...ce nodes for the current kernel.
[    7.236894] systemd[1]: Started File System Check Daemon to report status.
[[0;32m  OK  [0m] Started File System Check Daemon to report status.
[    7.243251] systemd[1]: Starting Create Static Device Nodes in /dev...
         Starting Create Static Device Nodes in /dev...
[    7.276087] Loading iSCSI transport class v2.0-870.
[    7.371087] iscsi: registered transport (tcp)
[    7.398713] systemd[1]: Mounted Huge Pages File System.
[[0;32m  OK  [0m] Mounted Huge Pages File System.
[    7.404834] systemd[1]: Mounted POSIX Message Queue File System.
[[0;32m  OK  [0m] Mounted POSIX Message Queue File System.
[    7.414723] systemd[1]: Mounted Debug File System.
[[0;32m  OK  [0m] Mounted Debug File System.
[    7.462915] systemd[1]: Started Nameserver information manager.
[[0;32m  OK  [0m] Started Nameserver information manager.
[    7.610104] systemd[1]: Started Journal Service.
[[0;32m  OK  [0m] Started Journal Service.
[[0;32m  OK  [0m] Started Set console keymap.
[    7.770624] iscsi: registered transport (iser)
[[0;32m  OK  [0m] Started Load Kernel Modules.
         Mounting FUSE Control File System...
         Starting Apply Kernel Variables...
[[0;32m  OK  [0m] Mounted FUSE Control File System.
[[0;32m  OK  [0m] Started File System Check on Root Device.
         Starting Remount Root and Kernel File Systems...
[    7.862776] EXT4-fs (sda1): re-mounted. Opts: (null)
[[0;32m  OK  [0m] Started Remount Root and Kernel File Systems.
         Starting Load/Save Random Seed...
         Starting Flush Journal to Persistent Storage...
         Starting udev Coldplug all Devices...
[[0;32m  OK  [0m] Started LVM2 metadata daemon.
[[0;32m  OK  [0m] Started Load/Save Random Seed.
[    8.069551] systemd-journald[388]: Received request to flush runtime journal from PID 1
[[0;32m  OK  [0m] Started Flush Journal to Persistent Storage.
[[0;32m  OK  [0m] Started Apply Kernel Variables.
[[0;32m  OK  [0m] Started udev Coldplug all Devices.
[[0;32m  OK  [0m] Started Create Static Device Nodes in /dev.
         Starting udev Kernel Device Manager...
[[0;32m  OK  [0m] Started Monitoring of LVM2 mirrors,...ng dmeventd or progress polling.
[[0;32m  OK  [0m] Reached target Local File Systems (Pre).
[[0;32m  OK  [0m] Reached target Local File Systems.
         Starting Tell Plymouth To Write Out Runtime Data...
         Starting Set console font and keymap...
         Starting LSB: AppArmor initialization...
         Starting Create Volatile Files and Directories...
         Starting Initial cloud-init job (pre-networking)...
[[0;32m  OK  [0m] Started Tell Plymouth To Write Out Runtime Data.
[[0;32m  OK  [0m] Started udev Kernel Device Manager.
[[0;32m  OK  [0m] Started Create Volatile Files and Directories.
         Starting Update UTMP about System Boot/Shutdown...
[[0;32m  OK  [0m] Started Dispatch Password Requests to Console Directory Watch.
[[0;32m  OK  [0m] Started Update UTMP about System Boot/Shutdown.
[[0;32m  OK  [0m] Started Set console font and keymap.
[[0;32m  OK  [0m] Created slice system-getty.slice.
[[0;32m  OK  [0m] Found device /dev/ttyS0.
[[0;32m  OK  [0m] Listening on Load/Save RF Kill Switch Status /dev/rfkill Watch.
[[0;32m  OK  [0m] Found device 82540EM Gigabit Ethern...r (PRO/1000 MT Desktop Adapter).
[[0;32m  OK  [0m] Found device 82540EM Gigabit Ethern...r (PRO/1000 MT Desktop Adapter).
[[0;32m  OK  [0m] Started LSB: AppArmor initialization.
         Starting Load AppArmor profiles managed internally by snapd...
[[0;32m  OK  [0m] Started Load AppArmor profiles managed internally by snapd.
[   16.065392] cloud-init[491]: Cloud-init v. 21.1-19-gbad84ad4-0ubuntu1~16.04.2 running 'init-local' at Tue, 14 Nov 2023 16:54:59 +0000. Up 15.18 seconds.
[[0;32m  OK  [0m] Started Initial cloud-init job (pre-networking).
[[0;32m  OK  [0m] Reached target Network (Pre).
         Starting Raise network interfaces...
[[0;32m  OK  [0m] Started ifup for enp0s3.
[[0;32m  OK  [0m] Started ifup for enp0s8.
[[0;32m  OK  [0m] Started Raise network interfaces.
[[0;32m  OK  [0m] Reached target Network.
         Starting Initial cloud-init job (metadata service crawler)...
[   17.682488] cloud-init[1090]: Cloud-init v. 21.1-19-gbad84ad4-0ubuntu1~16.04.2 running 'init' at Tue, 14 Nov 2023 16:55:00 +0000. Up 16.98 seconds.
[   17.719113] cloud-init[1090]: ci-info: ++++++++++++++++++++++++++++++++++++++Net device info+++++++++++++++++++++++++++++++++++++++
[   17.739217] cloud-init[1090]: ci-info: +--------+------+-----------------------------+---------------+--------+-------------------+
[   17.742090] cloud-init[1090]: ci-info: | Device |  Up  |           Address           |      Mask     | Scope  |     Hw-Address    |
[   17.745060] cloud-init[1090]: ci-info: +--------+------+-----------------------------+---------------+--------+-------------------+
[   17.747782] cloud-init[1090]: ci-info: | enp0s3 | True |          10.0.2.15          | 255.255.255.0 | global | 02:be:82:6b:cc:1d |
[   17.750830] cloud-init[1090]: ci-info: | enp0s3 | True |  fe80::be:82ff:fe6b:cc1d/64 |       .       |  link  | 02:be:82:6b:cc:1d |
[   17.757486] cloud-init[1090]: ci-info: | enp0s8 | True |        192.168.5.188        | 255.255.255.0 | global | 08:00:27:e3:be:bc |
[   17.760350] cloud-init[1090]: ci-info: | enp0s8 | True | fe80::a00:27ff:fee3:bebc/64 |       .       |  link  | 08:00:27:e3:be:bc |
[   17.764332] cloud-init[1090]: ci-info: |   lo   | True |          127.0.0.1          |   255.0.0.0   |  host  |         .         |
[   17.783649] cloud-init[1090]: ci-info: |   lo   | True |           ::1/128           |       .       |  host  |         .         |
[   17.786261] cloud-init[1090]: ci-info: +--------+------+-----------------------------+---------------+--------+-------------------+[[0;32m  OK  [0m] Started Initial cloud-init job (metadata service crawler).
[[0;32m  OK  [0m] 
[   17.792409] cloud-init[1090]: ci-info: +++++++++++++++++++++++++++Route IPv4 info++++++++++++++++++++++++++++
[   17.794334] cloud-init[1090]: ci-info: +-------+-------------+----------+---------------+-----------+-------+Reached target System Initialization.

[   17.798298] cloud-init[1090]: ci-info: | Route | Destination | Gateway  |    Genmask    | Interface | Flags |
[   17.800782] cloud-init[1090]: ci-info: +-------+-------------+----------+---------------+-----------+-------+
[   17.802961] cloud-init[1090]: ci-info: |   0   |   0.0.0.0   | 10.0.2.2 |    0.0.0.0    |   enp0s3  |   UG  |
[   17.805096] cloud-init[1090]: ci-info: |   1   |   10.0.2.0  | 0.0.0.0  | 255.255.255.0 |   enp0s3  |   U   |
[   17.807425] cloud-init[1090]: ci-info: |   2   | 192.168.5.0 | 0.0.0.0  | 255.255.255.0 |   enp0s8  |   U   |
[   17.809789] cloud-init[1090]: ci-info: +-------+-------------+----------+---------------+-----------+-------+
[   17.812011] cloud-init[1090]: ci-info: +++++++++++++++++++Route IPv6 info+++++++++++++++++++
[   17.814040] cloud-init[1090]: ci-info: +-------+-------------+---------+-----------+-------+
[   17.815809] cloud-init[1090]: ci-info: | Route | Destination | Gateway | Interface | Flags |
[[0;32m  OK  [0m] Started ACPI Events Check.
[   17.827929] cloud-init[1090]: ci-info: +-------+-------------+---------+-----------+-------+
[   17.829526] cloud-init[1090]: ci-info: |   0   |  fe80::/64  |    ::   |   enp0s8  |   U   |
[   17.831010] cloud-init[1090]: ci-info: |   1   |  fe80::/64  |    ::   |   enp0s3  |   U   |[[0;32m  OK  [0m] Reached target Paths.
[[0;32m  OK  [0m] Listening on D-Bus System Message Bus Socket.
[[0;32m  OK  [0m] Started Daily Cleanup of Temporary Directories.

[   17.835671] cloud-init[1090]: ci-info: |   4   |   ff00::/8  |    ::   |   enp0s8  |   U   |
[   17.838190] cloud-init[1090]: ci-info: |   5   |   ff00::/8  |    ::   |   enp0s3  |   U   |
[   17.840489] cloud-init[1090]: ci-info: +-------+-------------+---------+-----------+-------+
[[0;32m  OK  [0m] Started Daily apt download activities.
[[0;32m  OK  [0m] Listening on ACPID Listen Socket.
[[0;32m  OK  [0m] Started Ubuntu Advantage update messaging.
[[0;32m  OK  [0m] Started Daily apt upgrade and clean activities.
[[0;32m  OK  [0m] Started Message of the Day.
[[0;32m  OK  [0m] Reached target Timers.
         Starting Socket activation for snappy daemon.
         Starting LXD - unix socket.
[[0;32m  OK  [0m] Listening on UUID daemon activation socket.
[[0;32m  OK  [0m] Reached target Network is Online.
         Starting iSCSI initiator daemon (iscsid)...
[[0;32m  OK  [0m] Reached target Cloud-config availability.
[[0;32m  OK  [0m] Listening on Socket activation for snappy daemon.
[[0;32m  OK  [0m] Listening on LXD - unix socket.
[[0;32m  OK  [0m] Reached target Sockets.
[[0;32m  OK  [0m] Reached target Basic System.
         Starting Accounts Service...
[[0;32m  OK  [0m] Started ACPI event daemon.
[[0;32m  OK  [0m] Started Regular background program processing daemon.
         Starting LSB: MD monitoring daemon...
         Starting LSB: Record successful boot for GRUB...
[[0;32m  OK  [0m] Started Deferred execution scheduler.
[[0;32m  OK  [0m] Started FUSE filesystem for LXC.
         Starting /etc/rc.local Compatibility...
[[0;32m  OK  [0m] Started D-Bus System Message Bus.
         Starting LXD - container startup/shutdown...
         Starting Login Service...
         Starting OpenBSD Secure Shell server...
         Starting System Logging Service...
         Starting Virtualbox guest utils...
         Starting Snap Daemon...
[[0;32m  OK  [0m] Started /etc/rc.local Compatibility.
[[0;32m  OK  [0m] Started iSCSI initiator daemon (iscsid).
         Starting Login to default iSCSI targets...
[[0;32m  OK  [0m] Started LSB: Record successful boot for GRUB.
[[0;32m  OK  [0m] Started LSB: MD monitoring daemon.
         Starting Authenticate and Authorize Users to Run Privileged Tasks...
[[0;32m  OK  [0m] Started Login Service.
[[0;32m  OK  [0m] Started Unattended Upgrades Shutdown.
[[0;32m  OK  [0m] Started Login to default iSCSI targets.
[[0;32m  OK  [0m] Reached target Remote File Systems (Pre).
         Mounting /vagrant...
[[0;1;31mFAILED[0m] Failed to mount /vagrant.
See 'systemctl status vagrant.mount' for details.
[[0;1;33mDEPEND[0m] Dependency failed for Remote File Systems.
         Starting LSB: Set the CPU Frequency Scaling governor to "ondemand"...
         Starting Permit User Sessions...
         Starting LSB: daemon to balance interrupts for SMP systems...
         Starting LSB: automatic crash report generation...
[[0;32m  OK  [0m] Started LSB: Set the CPU Frequency Scaling governor to "ondemand".
[[0;32m  OK  [0m] Started Permit User Sessions.
         Starting Terminate Plymouth Boot Screen...
         Starting Hold until boot process finishes up...
[[0;32m  OK  [0m] Started Hold until boot process finishes up.
         Starting Set console scheme...
[[0;32m  OK  [0m] Started Serial Getty on ttyS0.
[[0;32m  OK  [0m] Started Getty on tty1.
[[0;32m  OK  [0m] Reached target Login Prompts.
[[0;32m  OK  [0m] Started Terminate Plymouth Boot Screen.
[[0;32m  OK  [0m] Started LSB: daemon to balance interrupts for SMP systems.
[[0;32m  OK  [0m] Started System Logging Service.
[[0;32m  OK  [0m] Started Set console scheme.
[[0;32m  OK  [0m] Started Authenticate and Authorize Users to Run Privileged Tasks.
[[0;32m  OK  [0m] Started Accounts Service.
[[0;32m  OK  [0m] Started LSB: automatic crash report generation.
[[0;32m  OK  [0m] Started OpenBSD Secure Shell server.
[[0;32m  OK  [0m] Started Virtualbox guest utils.
[[0;32m  OK  [0m] Created slice User Slice of vagrant.
         Starting User Manager for UID 1000...
[[0;32m  OK  [0m] Started Session 1 of user vagrant.
[[0;32m  OK  [0m] Started User Manager for UID 1000.
[[0;32m  OK  [0m] Started LXD - container startup/shutdown.
[[0;32m  OK  [0m] Started Snap Daemon.
         Starting Wait until snapd is fully seeded...
[[0;32m  OK  [0m] Started Wait until snapd is fully seeded.
         Starting Apply the settings specified in cloud-config...
[[0;32m  OK  [0m] Reached target Multi-User System.
[[0;32m  OK  [0m] Reached target Graphical Interface.
         Starting Update UTMP about System Runlevel Changes...
[[0;32m  OK  [0m] Started Update UTMP about System Runlevel Changes.
[   25.001205] cloud-init[1431]: Cloud-init v. 21.1-19-gbad84ad4-0ubuntu1~16.04.2 running 'modules:config' at Tue, 14 Nov 2023 16:55:08 +0000. Up 24.84 seconds.
[   25.520469] cloud-init[1449]: Cloud-init v. 21.1-19-gbad84ad4-0ubuntu1~16.04.2 running 'modules:final' at Tue, 14 Nov 2023 16:55:09 +0000. Up 25.32 seconds.
[   25.526440] cloud-init[1449]: Cloud-init v. 21.1-19-gbad84ad4-0ubuntu1~16.04.2 finished at Tue, 14 Nov 2023 16:55:09 +0000. Datasource DataSourceNoCloud [seed=/dev/sdb][dsmode=net].  Up 25.51 seconds

Ubuntu 16.04.7 LTS devops-2 ttyS0

devops-2 login: [[0;32m  OK  [0m] Stopped Unattended Upgrades Shutdown.
[[0;32m  OK  [0m] Stopped target Graphical Interface.
         Stopping Authenticate and Authorize Users to Run Privileged Tasks...
         Stopping Accounts Service...
[[0;32m  OK  [0m] Stopped target Cloud-init target.
         Stopping ACPI event daemon...
         Unmounting /vagrant...
[[0;32m  OK  [0m] Stopped target Timers.
[[0;32m  OK  [0m] Stopped Daily Cleanup of Temporary Directories.
[[0;32m  OK  [0m] Stopped Ubuntu Advantage update messaging.
[[0;32m  OK  [0m] Stopped Daily apt upgrade and clean activities.
[[0;32m  OK  [0m] Closed Load/Save RF Kill Switch Status /dev/rfkill Watch.
         Stopping User Manager for UID 1000...
         Stopping Session 83 of user vagrant.
[[0;32m  OK  [0m] Stopped Message of the Day.
[[0;32m  OK  [0m] Stopped Execute cloud user/final scripts.
[[0;32m  OK  [0m] Stopped Apply the settings specified in cloud-config.
[[0;32m  OK  [0m] Stopped target Cloud-config availability.
[[0;32m  OK  [0m] Stopped target Multi-User System.
         Stopping Virtualbox guest utils...
         Stopping LSB: Record successful boot for GRUB...
[[0;32m  OK  [0m] Stopped target Login Prompts.
         Stopping Getty on tty1...
         Stopping LSB: MD monitoring daemon...
         Stopping Regular background program processing daemon...
         Stopping System Logging Service...
         Stopping FUSE filesystem for LXC...
         Stopping A high performance web server and a reverse proxy server...
         Stopping LXD - container startup/shutdown...
[[0;32m  OK  [0m] Stopped Wait until snapd is fully seeded.
         Stopping LSB: Set the CPU Frequency Scaling governor to "ondemand"...
         Stopping OpenBSD Secure Shell server...
         Stopping LSB: daemon to balance interrupts for SMP systems...
         Stopping Deferred execution scheduler...
         Stopping D-Bus System Message Bus...
         Stopping LSB: automatic crash report generation...
[[0;32m  OK  [0m] Stopped Daily apt download activities.
[[0;32m  OK  [0m] Stopped target System Time Synchronized.
         Stopping Serial Getty on ttyS0...
[[0;32m  OK  [0m] Unmounted /var/lib/lxcfs.
[[0;32m  OK  [0m] Stopped Accounts Service.
[[0;32m  OK  [0m] Stopped ACPI event daemon.
[[0;32m  OK  [0m] Stopped Regular background program processing daemon.
[[0;32m  OK  [0m] Stopped Deferred execution scheduler.
[[0;32m  OK  [0m] Stopped System Logging Service.
[[0;32m  OK  [0m] Stopped Authenticate and Authorize Users to Run Privileged Tasks.
[[0;32m  OK  [0m] Stopped Serial Getty on ttyS0.
[[0;32m  OK  [0m] Stopped Getty on tty1.
[[0;32m  OK  [0m] Stopped OpenBSD Secure Shell server.
[[0;32m  OK  [0m] Stopped User Manager for UID 1000.
[[0;32m  OK  [0m] Unmounted /vagrant.
[[0;32m  OK  [0m] Stopped Session 83 of user vagrant.
[[0;32m  OK  [0m] Stopped D-Bus System Message Bus.
[[0;32m  OK  [0m] Stopped LSB: Set the CPU Frequency Scaling governor to "ondemand".
[[0;32m  OK  [0m] Stopped FUSE filesystem for LXC.
[[0;32m  OK  [0m] Stopped LSB: Record successful boot for GRUB.
[[0;32m  OK  [0m] Stopped LXD - container startup/shutdown.
[[0;32m  OK  [0m] Stopped LSB: MD monitoring daemon.
[[0;32m  OK  [0m] Stopped LSB: daemon to balance interrupts for SMP systems.
[[0;32m  OK  [0m] Stopped target Remote File Systems (Pre).
         Stopping Login to default iSCSI targets...
[[0;32m  OK  [0m] Removed slice User Slice of vagrant.
         Stopping Login Service...
[[0;32m  OK  [0m] Removed slice system-getty.slice.
[[0;32m  OK  [0m] Stopped /etc/rc.local Compatibility.
[[0;32m  OK  [0m] Removed slice system-serial\x2dgetty.slice.
         Stopping Permit User Sessions...
[[0;32m  OK  [0m] Stopped Login Service.
[[0;32m  OK  [0m] Stopped LSB: automatic crash report generation.
[[0;32m  OK  [0m] Stopped Virtualbox guest utils.
[[0;32m  OK  [0m] Stopped Permit User Sessions.
[[0;32m  OK  [0m] Stopped target User and Group Name Lookups.
[[0;32m  OK  [0m] Stopped Login to default iSCSI targets.
         Stopping iSCSI initiator daemon (iscsid)...
[[0;32m  OK  [0m] Stopped iSCSI initiator daemon (iscsid).
[[0;32m  OK  [0m] Stopped target Network is Online.
[[0;32m  OK  [0m] Stopped A high performance web server and a reverse proxy server.
[[0;32m  OK  [0m] Stopped target Basic System.
[[0;32m  OK  [0m] Stopped target Slices.
[[0;32m  OK  [0m] Removed slice User and Session Slice.
[[0;32m  OK  [0m] Stopped target Sockets.
[[0;32m  OK  [0m] Closed ACPID Listen Socket.
[[0;32m  OK  [0m] Closed UUID daemon activation socket.
[[0;32m  OK  [0m] Closed Socket activation for snappy daemon.
[[0;32m  OK  [0m] Closed LXD - unix socket.
[[0;32m  OK  [0m] Closed D-Bus System Message Bus Socket.
[[0;32m  OK  [0m] Closed Syslog Socket.
[[0;32m  OK  [0m] Stopped target Paths.
[[0;32m  OK  [0m] Stopped Forward Password Requests to Wall Directory Watch.
[[0;32m  OK  [0m] Stopped Dispatch Password Requests to Console Directory Watch.
[[0;32m  OK  [0m] Stopped ACPI Events Check.
[[0;32m  OK  [0m] Stopped target System Initialization.
[[0;32m  OK  [0m] Stopped Initial cloud-init job (metadata service crawler).
[[0;32m  OK  [0m] Stopped target Encrypted Volumes.
         Stopping Load/Save Random Seed...
[[0;32m  OK  [0m] Stopped target Swap.
         Stopping Update UTMP about System Boot/Shutdown...
[[0;32m  OK  [0m] Stopped target Network.
         Stopping Raise network interfaces...
[[0;32m  OK  [0m] Stopped Update UTMP about System Boot/Shutdown.
[[0;32m  OK  [0m] Stopped Create Volatile Files and Directories.
[[0;32m  OK  [0m] Stopped Load/Save Random Seed.
[[0;32m  OK  [0m] Stopped Raise network interfaces.
[[0;32m  OK  [0m] Stopped target Local File Systems.
         Unmounting /run/user/1000...
[[0;32m  OK  [0m] Stopped target Network (Pre).
[[0;32m  OK  [0m] Stopped Initial cloud-init job (pre-networking).
[[0;32m  OK  [0m] Stopped Apply Kernel Variables.
[[0;32m  OK  [0m] Stopped Load Kernel Modules.
[[0;32m  OK  [0m] Unmounted /run/user/1000.
[[0;32m  OK  [0m] Reached target Unmount All Filesystems.
[[0;32m  OK  [0m] Stopped target Local File Systems (Pre).
         Stopping Monitoring of LVM2 mirrors... dmeventd or progress polling...
[[0;32m  OK  [0m] Stopped Remount Root and Kernel File Systems.
[[0;32m  OK  [0m] Stopped Create Static Device Nodes in /dev.
[[0;32m  OK  [0m] Reached target Shutdown.
[246945.917504] reboot: Power down
.
[[0;32m  OK  [0m] Reached target Shutdown.
[248143.543892] reboot: Power down
